WARNING: A restricted method in java.lang.System has been called
WARNING: java.lang.System::load has been called by net.rubygrapefruit.platform.internal.NativeLibraryLoader in an unnamed module (file:/C:/Users/jwjung/.gradle/wrapper/dists/gradle-8.14.2-bin/2pb3mgt1p815evrl3weanttgr/gradle-8.14.2/lib/native-platform-0.22-milestone-28.jar)
WARNING: Use --enable-native-access=ALL-UNNAMED to avoid a warning for callers in this module
WARNING: Restricted methods will be blocked in a future release unless native access is enabled

Initialized native services in: C:\Users\jwjung\.gradle\native
Initialized jansi services in: C:\Users\jwjung\.gradle\native
The client will now receive all logging from the daemon (pid: 12092). The daemon log file: C:\Users\jwjung\.gradle\daemon\8.14.2\daemon-12092.out.log
Starting 5th build in daemon [uptime: 13 mins 26.329 secs, performance: 99%, GC rate: 0.00/s, heap usage: 0% of 512 MiB, non-heap usage: 19% of 384 MiB]
Using 22 worker leases.
Now considering [C:\workspaceRND\graphify\graphify\backend] as hierarchies to watch
Watching the file system is configured to be enabled if available
File system watching is active
Starting Build
Settings evaluated using settings file 'C:\workspaceRND\graphify\graphify\backend\settings.gradle'.
Projects loaded. Root project using build file 'C:\workspaceRND\graphify\graphify\backend\build.gradle'.
Included projects: [root project 'backend']

> Configure project :
Evaluating root project 'backend' using build file 'C:\workspaceRND\graphify\graphify\backend\build.gradle'.
Resolved plugin [id: 'java']
Resolved plugin [id: 'org.springframework.boot', version: '3.2.0']
Resolved plugin [id: 'io.spring.dependency-management', version: '1.1.4']
Applying dependency management to configuration 'annotationProcessor' in project 'backend'
Applying dependency management to configuration 'apiElements' in project 'backend'
Applying dependency management to configuration 'archives' in project 'backend'
Applying dependency management to configuration 'bootArchives' in project 'backend'
Applying dependency management to configuration 'compileClasspath' in project 'backend'
Applying dependency management to configuration 'compileOnly' in project 'backend'
Applying dependency management to configuration 'default' in project 'backend'
Applying dependency management to configuration 'developmentOnly' in project 'backend'
Applying dependency management to configuration 'implementation' in project 'backend'
Applying dependency management to configuration 'mainSourceElements' in project 'backend'
Applying dependency management to configuration 'productionRuntimeClasspath' in project 'backend'
Applying dependency management to configuration 'runtimeClasspath' in project 'backend'
Applying dependency management to configuration 'runtimeElements' in project 'backend'
Applying dependency management to configuration 'runtimeOnly' in project 'backend'
Applying dependency management to configuration 'testAndDevelopmentOnly' in project 'backend'
Applying dependency management to configuration 'testAnnotationProcessor' in project 'backend'
Applying dependency management to configuration 'testCompileClasspath' in project 'backend'
Applying dependency management to configuration 'testCompileOnly' in project 'backend'
Applying dependency management to configuration 'testImplementation' in project 'backend'
Applying dependency management to configuration 'testResultsElementsForTest' in project 'backend'
Applying dependency management to configuration 'testRuntimeClasspath' in project 'backend'
Applying dependency management to configuration 'testRuntimeOnly' in project 'backend'
All projects evaluated.
Task name matched 'test'
Selected primary task 'test' from project :
Tasks to be executed: [task ':compileJava', task ':processResources', task ':classes', task ':compileTestJava', task ':processTestResources', task ':testClasses', task ':test']
Tasks that were excluded: []
Resolve mutations for :compileJava (Thread[#1211,Execution worker,5,main]) started.
:compileJava (Thread[#1211,Execution worker,5,main]) started.

> Task :compileJava UP-TO-DATE
Resolving global dependency management for project 'backend'
Excluding []
Excluding []
Custom actions are attached to task ':compileJava'.
Caching disabled for task ':compileJava' because:
  Build cache is disabled
Skipping task ':compileJava' as it is up-to-date.
Resolve mutations for :processResources (Thread[#1211,Execution worker,5,main]) started.
:processResources (Thread[#1211,Execution worker,5,main]) started.

> Task :processResources UP-TO-DATE
Caching disabled for task ':processResources' because:
  Build cache is disabled
  Not worth caching
Skipping task ':processResources' as it is up-to-date.
Resolve mutations for :classes (Thread[#1211,Execution worker,5,main]) started.
:classes (Thread[#1228,Execution worker Thread 18,5,main]) started.

> Task :classes UP-TO-DATE
Skipping task ':classes' as it has no actions.
Resolve mutations for :compileTestJava (Thread[#1228,Execution worker Thread 18,5,main]) started.
:compileTestJava (Thread[#1228,Execution worker Thread 18,5,main]) started.

> Task :compileTestJava UP-TO-DATE
Excluding []
Excluding []
Custom actions are attached to task ':compileTestJava'.
Caching disabled for task ':compileTestJava' because:
  Build cache is disabled
Skipping task ':compileTestJava' as it is up-to-date.
Resolve mutations for :processTestResources (Thread[#1228,Execution worker Thread 18,5,main]) started.
:processTestResources (Thread[#1228,Execution worker Thread 18,5,main]) started.

> Task :processTestResources NO-SOURCE
Skipping task ':processTestResources' as it has no source files and no previous output files.
Resolve mutations for :testClasses (Thread[#1228,Execution worker Thread 18,5,main]) started.
:testClasses (Thread[#1215,Execution worker Thread 5,5,main]) started.

> Task :testClasses UP-TO-DATE
Skipping task ':testClasses' as it has no actions.
Resolve mutations for :test (Thread[#1215,Execution worker Thread 5,5,main]) started.
:test (Thread[#1215,Execution worker Thread 5,5,main]) started.

> Task :test UP-TO-DATE
Excluding []
Caching disabled for task ':test' because:
  Build cache is disabled
Skipping task ':test' as it is up-to-date.

[Incubating] Problems report is available at: file:///C:/workspaceRND/graphify/graphify/backend/build/reports/problems/problems-report.html

Deprecated Gradle features were used in this build, making it incompatible with Gradle 9.0.

You can use '--warning-mode all' to show the individual deprecation warnings and determine if they come from your own scripts or plugins.

For more on this, please refer to https://docs.gradle.org/8.14.2/userguide/command_line_interface.html#sec:command_line_warnings in the Gradle documentation.

BUILD SUCCESSFUL in 2s
4 actionable tasks: 4 up-to-date
Watched directory hierarchies: [C:\workspaceRND\graphify\graphify\backend]
